// Jest Snapshot v1, https://goo.gl/fbAQLP

exports[`should render a female 1`] = `
<span
  aria-label="female"
  data-testid="female"
  role="img"
>
  ðŸ‘©
</span>
`;

exports[`should render correctly 1`] = `
<span
  aria-label="male"
  data-testid="male"
  role="img"
>
  ðŸ‘¨
</span>
`;
