// Jest Snapshot v1, https://goo.gl/fbAQLP

exports[`should render correctly 1`] = `
<div
  class="sc-bdVaJa iUbJjP"
>
  <select
    class="sc-bwzfXH fiTiQi"
  >
    <option
      value=""
    >
      test
    </option>
    <option
      value="1"
    >
      1
    </option>
    <option
      value="2"
    >
      2
    </option>
    <option
      value="3"
    >
      3
    </option>
  </select>
</div>
`;

exports[`should render with empty value 1`] = `
<div
  class="sc-bdVaJa iUbJjP"
>
  <select
    class="sc-bwzfXH fiTiQi"
  >
    <option
      value=""
    >
      test
    </option>
    <option
      value="1"
    >
      1
    </option>
    <option
      value="2"
    >
      2
    </option>
    <option
      value="3"
    >
      3
    </option>
  </select>
</div>
`;
