// Jest Snapshot v1, https://goo.gl/fbAQLP

exports[`should render correctly 1`] = `
<figure
  class="sc-bdVaJa bNOLUf"
/>
`;
